[NbConvertApp] Converting notebook entrenamiento_tractores.ipynb to notebook
C:\Users\rbeta\AppData\Local\Programs\Python\Python310\lib\site-packages\nbformat\__init__.py:96: MissingIDFieldWarning: Cell is missing an id field, this will become a hard error in future nbformat versions. You may want to use `normalize()` on your notebooks before validations (available since nbformat 5.1.4). Previous versions of nbformat are fixing this issue transparently, and will stop doing so in the future.
  validate(nb)
C:\Users\rbeta\AppData\Local\Programs\Python\Python310\lib\site-packages\zmq\_future.py:718: RuntimeWarning: Proactor event loop does not implement add_reader family of methods required for zmq. Registering an additional selector thread for add_reader support via tornado. Use `asyncio.set_event_loop_policy(WindowsSelectorEventLoopPolicy())` to avoid this warning.
  self._get_loop()
Traceback (most recent call last):
  File "C:\Users\rbeta\AppData\Local\Programs\Python\Python310\lib\runpy.py", line 196, in _run_module_as_main
    return _run_code(code, main_globals, None,
  File "C:\Users\rbeta\AppData\Local\Programs\Python\Python310\lib\runpy.py", line 86, in _run_code
    exec(code, run_globals)
  File "C:\Users\rbeta\AppData\Local\Programs\Python\Python310\Scripts\jupyter-nbconvert.EXE\__main__.py", line 7, in <module>
    sys.exit(main())
  File "C:\Users\rbeta\AppData\Local\Programs\Python\Python310\lib\site-packages\jupyter_core\application.py", line 284, in launch_instance
    super().launch_instance(argv=argv, **kwargs)
  File "C:\Users\rbeta\AppData\Local\Programs\Python\Python310\lib\site-packages\traitlets\config\application.py", line 1075, in launch_instance
    app.start()
  File "C:\Users\rbeta\AppData\Local\Programs\Python\Python310\lib\site-packages\nbconvert\nbconvertapp.py", line 420, in start
    self.convert_notebooks()
  File "C:\Users\rbeta\AppData\Local\Programs\Python\Python310\lib\site-packages\nbconvert\nbconvertapp.py", line 597, in convert_notebooks
    self.convert_single_notebook(notebook_filename)
  File "C:\Users\rbeta\AppData\Local\Programs\Python\Python310\lib\site-packages\nbconvert\nbconvertapp.py", line 563, in convert_single_notebook
    output, resources = self.export_single_notebook(
  File "C:\Users\rbeta\AppData\Local\Programs\Python\Python310\lib\site-packages\nbconvert\nbconvertapp.py", line 487, in export_single_notebook
    output, resources = self.exporter.from_filename(
  File "C:\Users\rbeta\AppData\Local\Programs\Python\Python310\lib\site-packages\nbconvert\exporters\exporter.py", line 201, in from_filename
    return self.from_file(f, resources=resources, **kw)
  File "C:\Users\rbeta\AppData\Local\Programs\Python\Python310\lib\site-packages\nbconvert\exporters\exporter.py", line 220, in from_file
    return self.from_notebook_node(
  File "C:\Users\rbeta\AppData\Local\Programs\Python\Python310\lib\site-packages\nbconvert\exporters\notebook.py", line 36, in from_notebook_node
    nb_copy, resources = super().from_notebook_node(nb, resources, **kw)
  File "C:\Users\rbeta\AppData\Local\Programs\Python\Python310\lib\site-packages\nbconvert\exporters\exporter.py", line 154, in from_notebook_node
    nb_copy, resources = self._preprocess(nb_copy, resources)
  File "C:\Users\rbeta\AppData\Local\Programs\Python\Python310\lib\site-packages\nbconvert\exporters\exporter.py", line 353, in _preprocess
    nbc, resc = preprocessor(nbc, resc)
  File "C:\Users\rbeta\AppData\Local\Programs\Python\Python310\lib\site-packages\nbconvert\preprocessors\base.py", line 48, in __call__
    return self.preprocess(nb, resources)
  File "C:\Users\rbeta\AppData\Local\Programs\Python\Python310\lib\site-packages\nbconvert\preprocessors\execute.py", line 103, in preprocess
    self.preprocess_cell(cell, resources, index)
  File "C:\Users\rbeta\AppData\Local\Programs\Python\Python310\lib\site-packages\nbconvert\preprocessors\execute.py", line 124, in preprocess_cell
    cell = self.execute_cell(cell, index, store_history=True)
  File "C:\Users\rbeta\AppData\Local\Programs\Python\Python310\lib\site-packages\jupyter_core\utils\__init__.py", line 165, in wrapped
    return loop.run_until_complete(inner)
  File "C:\Users\rbeta\AppData\Local\Programs\Python\Python310\lib\asyncio\base_events.py", line 641, in run_until_complete
    return future.result()
  File "C:\Users\rbeta\AppData\Local\Programs\Python\Python310\lib\site-packages\nbclient\client.py", line 1062, in async_execute_cell
    await self._check_raise_for_error(cell, cell_index, exec_reply)
  File "C:\Users\rbeta\AppData\Local\Programs\Python\Python310\lib\site-packages\nbclient\client.py", line 918, in _check_raise_for_error
    raise CellExecutionError.from_cell_and_msg(cell, exec_reply_content)
nbclient.exceptions.CellExecutionError: An error occurred while executing the following cell:
------------------
import shutil
import statistics as st
from pathlib import Path

import matplotlib.pyplot as plt
import numpy as np

from granja import GranjaModel, PARAMETROS
from Qlearning import config as rl_config
from Qlearning import q_table, tractor_rl
------------------


[1;31m---------------------------------------------------------------------------[0m
[1;31mModuleNotFoundError[0m                       Traceback (most recent call last)
Cell [1;32mIn[1], line 8[0m
[0;32m      5[0m [38;5;28;01mimport[39;00m[38;5;250m [39m[38;5;21;01mmatplotlib[39;00m[38;5;21;01m.[39;00m[38;5;21;01mpyplot[39;00m[38;5;250m [39m[38;5;28;01mas[39;00m[38;5;250m [39m[38;5;21;01mplt[39;00m
[0;32m      6[0m [38;5;28;01mimport[39;00m[38;5;250m [39m[38;5;21;01mnumpy[39;00m[38;5;250m [39m[38;5;28;01mas[39;00m[38;5;250m [39m[38;5;21;01mnp[39;00m
[1;32m----> 8[0m [38;5;28;01mfrom[39;00m[38;5;250m [39m[38;5;21;01mgranja[39;00m[38;5;250m [39m[38;5;28;01mimport[39;00m GranjaModel, PARAMETROS
[0;32m      9[0m [38;5;28;01mfrom[39;00m[38;5;250m [39m[38;5;21;01mQlearning[39;00m[38;5;250m [39m[38;5;28;01mimport[39;00m config [38;5;28;01mas[39;00m rl_config
[0;32m     10[0m [38;5;28;01mfrom[39;00m[38;5;250m [39m[38;5;21;01mQlearning[39;00m[38;5;250m [39m[38;5;28;01mimport[39;00m q_table, tractor_rl

File [1;32m~\granja_multiagente\granja.py:7[0m
[0;32m      4[0m [38;5;28;01mimport[39;00m[38;5;250m [39m[38;5;21;01mos[39;00m
[0;32m      6[0m [38;5;28;01mimport[39;00m[38;5;250m [39m[38;5;21;01mnumpy[39;00m[38;5;250m [39m[38;5;28;01mas[39;00m[38;5;250m [39m[38;5;21;01mnp[39;00m
[1;32m----> 7[0m [38;5;28;01mimport[39;00m[38;5;250m [39m[38;5;21;01magentpy[39;00m[38;5;250m [39m[38;5;28;01mas[39;00m[38;5;250m [39m[38;5;21;01map[39;00m
[0;32m      9[0m [38;5;28;01mfrom[39;00m[38;5;250m [39m[38;5;21;01mQlearning[39;00m[38;5;250m [39m[38;5;28;01mimport[39;00m config [38;5;28;01mas[39;00m rl_config
[0;32m     10[0m [38;5;28;01mfrom[39;00m[38;5;250m [39m[38;5;21;01mQlearning[39;00m[38;5;250m [39m[38;5;28;01mimport[39;00m harvester_rl, recompensas [38;5;28;01mas[39;00m rl_recompensas, tractor_rl

[1;31mModuleNotFoundError[0m: No module named 'agentpy'

